ERC report (2026-05-18T10:12:23, Encoding UTF8)
Report includes: Errors, Warnings

***** Sheet /
[pin_not_connected]: Pin not connected
    ; error
    @(102.87 mm, 140.97 mm): Symbol U2 Pin 16 [VP, Passive, Line]
[pin_not_connected]: Pin not connected
    ; error
    @(102.87 mm, 146.05 mm): Symbol U2 Pin 15 [VN, Passive, Line]
[label_dangling]: Label not connected
    ; error
    @(107.95 mm, 176.53 mm): Label 'V_SENSE_P'
[label_dangling]: Label not connected
    ; error
    @(107.95 mm, 181.61 mm): Label 'V_SENSE_N'
[power_pin_not_driven]: Input Power pin not driven by any Output Power pins
    ; error
    @(187.96 mm, 113.03 mm): Symbol U4 Pin 8 [VCC2, Power input, Line]
[power_pin_not_driven]: Input Power pin not driven by any Output Power pins
    ; error
    @(187.96 mm, 120.65 mm): Symbol U4 Pin 5 [GND2, Power input, Line]
[pin_not_connected]: Pin not connected
    ; error
    @(220.98 mm, 38.10 mm): Symbol R_RLY_OFF_PD Pin 1 [Passive, Line]
[pin_not_connected]: Pin not connected
    ; error
    @(236.22 mm, 55.88 mm): Symbol R_RLY_ON_PD Pin 1 [Passive, Line]
[pin_not_driven]: Input pin not driven by any Output pins
    ; error
    @(239.84 mm, 112.46 mm): Symbol U5 Pin 2 [~{RE}, Input, Line]
[pin_not_driven]: Input pin not driven by any Output pins
    ; error
    @(312.22 mm, 114.44 mm): Symbol U_MCU Pin 60 [BOOT0, Input, Line]
[pin_not_connected]: Pin not connected
    ; error
    @(324.92 mm, 198.26 mm): Symbol U_MCU Pin 18 [VSS, Power input, Line]
[power_pin_not_driven]: Input Power pin not driven by any Output Power pins
    ; error
    @(324.92 mm, 198.26 mm): Symbol U_MCU Pin 18 [VSS, Power input, Line]
[pin_not_connected]: Pin not connected
    ; error
    @(327.46 mm, 198.26 mm): Symbol U_MCU Hidden pin 31 [VSS, Passive, Line]
[pin_not_connected]: Pin not connected
    ; error
    @(347.78 mm, 172.86 mm): Symbol U_MCU Pin 61 [PB8, Bidirectional, Line]
[pin_not_connected]: Pin not connected
    ; error
    @(335.08 mm, 198.26 mm): Symbol U_MCU Pin 12 [VSSA, Power input, Line]
[power_pin_not_driven]: Input Power pin not driven by any Output Power pins
    ; error
    @(335.08 mm, 198.26 mm): Symbol U_MCU Pin 12 [VSSA, Power input, Line]
[endpoint_off_grid]: Symbol pin or wire end off connection grid
    ; warning
    @(25.93 mm, 41.91 mm): Horizontal Wire, length 12.00 mm
[footprint_link_issues]: 풋프린트 'TerminalBlock_bornier-2_P5.08mm'을(를) 라이브러리 'TerminalBlock'에서 찾을 수 없습니다
    ; warning
    @(20.85 mm, 49.41 mm): Symbol J_CT1 [TerminalBlock_1x02_Sensor]
[lib_symbol_issues]: 현재 설정에 심볼 라이브러리 'SmartLoad'가 포함되어 있지 않음
    ; warning
    @(20.85 mm, 49.41 mm): Symbol J_CT1 [TerminalBlock_1x02_Sensor]
[endpoint_off_grid]: Symbol pin or wire end off connection grid
    ; warning
    @(37.93 mm, 41.91 mm): Horizontal Wire, length 16.29 mm
[endpoint_off_grid]: Symbol pin or wire end off connection grid
    ; warning
    @(44.93 mm, 41.91 mm): Vertical Wire, length 3.69 mm
[endpoint_off_grid]: Symbol pin or wire end off connection grid
    ; warning
    @(25.93 mm, 56.91 mm): Horizontal Wire, length 12.00 mm
[endpoint_off_grid]: Symbol pin or wire end off connection grid
    ; warning
    @(25.93 mm, 56.91 mm): Symbol J_CT1 Pin 1 [P, Passive, Line]
[endpoint_off_grid]: Symbol pin or wire end off connection grid
    ; warning
    @(44.93 mm, 45.60 mm): Symbol R_CT1_SHUNT Pin 1 [Passive, Line]
[endpoint_off_grid]: Symbol pin or wire end off connection grid
    ; warning
    @(37.93 mm, 56.91 mm): Horizontal Wire, length 16.29 mm
[endpoint_off_grid]: Symbol pin or wire end off connection grid
    ; warning
    @(54.22 mm, 41.91 mm): Symbol R_CT1_N Pin 1 [Passive, Line]
[endpoint_off_grid]: Symbol pin or wire end off connection grid
    ; warning
    @(44.93 mm, 53.22 mm): Vertical Wire, length 3.69 mm
[endpoint_off_grid]: Symbol pin or wire end off connection grid
    ; warning
    @(61.84 mm, 41.91 mm): Horizontal Wire, length 28.09 mm
[endpoint_off_grid]: Symbol pin or wire end off connection grid
    ; warning
    @(54.22 mm, 56.91 mm): Symbol R_CT1_P Pin 1 [Passive, Line]
[endpoint_off_grid]: Symbol pin or wire end off connection grid
    ; warning
    @(61.84 mm, 56.91 mm): Horizontal Wire, length 28.09 mm
[lib_symbol_mismatch]: 심볼 'C'가 라이브러리 'Device'의 복사본과 일치하지 않음
    ; warning
    @(74.93 mm, 45.72 mm): Symbol C_CT1_N [C]
[lib_symbol_mismatch]: 심볼 'GNDA'가 라이브러리 'power'의 복사본과 일치하지 않음
    ; warning
    @(74.93 mm, 49.53 mm): Symbol #PWR_C_CT1_N [GNDA]
[endpoint_off_grid]: Symbol pin or wire end off connection grid
    ; warning
    @(74.93 mm, 56.91 mm): Symbol C_CT1_P Pin 1 [Passive, Line]
[lib_symbol_mismatch]: 심볼 'C'가 라이브러리 'Device'의 복사본과 일치하지 않음
    ; warning
    @(74.93 mm, 60.72 mm): Symbol C_CT1_P [C]
[isolated_pin_label]: Label connected to only one pin
    ; warning
    @(36.83 mm, 90.17 mm): Label 'ATM90_USEL'
[endpoint_off_grid]: Symbol pin or wire end off connection grid
    ; warning
    @(74.93 mm, 64.53 mm): Symbol #PWR_C_CT1_P Hidden pin 1 [GNDA, Power input, Line]
[lib_symbol_mismatch]: 심볼 'GNDA'가 라이브러리 'power'의 복사본과 일치하지 않음
    ; warning
    @(74.93 mm, 64.53 mm): Symbol #PWR_C_CT1_P [GNDA]
[isolated_pin_label]: Label connected to only one pin
    ; warning
    @(36.83 mm, 105.41 mm): Label 'RESV_LOW'
[lib_symbol_mismatch]: 심볼 '+3.3V'가 라이브러리 'power'의 복사본과 일치하지 않음
    ; warning
    @(36.83 mm, 125.73 mm): Symbol #PWR_AUTO_33V_008 [+3.3V]
[lib_symbol_issues]: 현재 설정에 심볼 라이브러리 'SmartLoad'가 포함되어 있지 않음
    ; warning
    @(72.39 mm, 113.03 mm): Symbol U2 [ATM90E26-YU]
[isolated_pin_label]: Label connected to only one pin
    ; warning
    @(107.95 mm, 80.01 mm): Label 'ATM90_MMD0'
[lib_symbol_mismatch]: 심볼 '+3.3V'가 라이브러리 'power'의 복사본과 일치하지 않음
    ; warning
    @(36.83 mm, 135.89 mm): Symbol #PWR_AUTO_33V_007 [+3.3V]
[isolated_pin_label]: Label connected to only one pin
    ; warning
    @(36.83 mm, 146.05 mm): Label 'ATM90_MMD1'
[endpoint_off_grid]: Symbol pin or wire end off connection grid
    ; warning
    @(140.00 mm, 85.56 mm): Horizontal Wire, length 12.88 mm
[isolated_pin_label]: Label connected to only one pin
    ; warning
    @(107.95 mm, 125.73 mm): Label 'ATM90_CF2'
[isolated_pin_label]: Label connected to only one pin
    ; warning
    @(107.95 mm, 130.81 mm): Label 'ATM90_CF1'
[endpoint_off_grid]: Symbol pin or wire end off connection grid
    ; warning
    @(24.12 mm, 170.18 mm): Horizontal Wire, length 10.00 mm
[endpoint_off_grid]: Symbol pin or wire end off connection grid
    ; warning
    @(34.12 mm, 170.18 mm): Horizontal Wire, length 16.29 mm
[endpoint_off_grid]: Symbol pin or wire end off connection grid
    ; warning
    @(41.12 mm, 170.18 mm): Vertical Wire, length 3.69 mm
[endpoint_off_grid]: Symbol pin or wire end off connection grid
    ; warning
    @(152.88 mm, 85.56 mm): Symbol R_VP_LOW Pin 1 [Passive, Line]
[endpoint_off_grid]: Symbol pin or wire end off connection grid
    ; warning
    @(50.41 mm, 170.18 mm): Symbol R_ZCT_N Pin 1 [Passive, Line]
[unconnected_wire_endpoint]: 연결되지 않은 와이어 종단점
    ; warning
    @(102.87 mm, 140.97 mm): Horizontal Wire, length 5.08 mm
[endpoint_off_grid]: Symbol pin or wire end off connection grid
    ; warning
    @(41.12 mm, 173.87 mm): Symbol R_ZCT_BURDEN Pin 1 [Passive, Line]
[footprint_link_issues]: 풋프린트 'TerminalBlock_bornier-2_P5.08mm'을(를) 라이브러리 'TerminalBlock'에서 찾을 수 없습니다
    ; warning
    @(19.04 mm, 177.68 mm): Symbol J_ZCT1 [TerminalBlock_1x02_Sensor]
[lib_symbol_issues]: 현재 설정에 심볼 라이브러리 'SmartLoad'가 포함되어 있지 않음
    ; warning
    @(19.04 mm, 177.68 mm): Symbol J_ZCT1 [TerminalBlock_1x02_Sensor]
[endpoint_off_grid]: Symbol pin or wire end off connection grid
    ; warning
    @(58.03 mm, 170.18 mm): Horizontal Wire, length 28.09 mm
[unconnected_wire_endpoint]: 연결되지 않은 와이어 종단점
    ; warning
    @(102.87 mm, 146.05 mm): Horizontal Wire, length 5.08 mm
[endpoint_off_grid]: Symbol pin or wire end off connection grid
    ; warning
    @(160.50 mm, 85.56 mm): Horizontal Wire, length 4.50 mm
[endpoint_off_grid]: Symbol pin or wire end off connection grid
    ; warning
    @(165.00 mm, 85.56 mm): Symbol C_VP Pin 1 [Passive, Line]
[endpoint_off_grid]: Symbol pin or wire end off connection grid
    ; warning
    @(165.00 mm, 85.56 mm): Horizontal Wire, length 5.66 mm
[endpoint_off_grid]: Symbol pin or wire end off connection grid
    ; warning
    @(41.12 mm, 181.49 mm): Vertical Wire, length 3.69 mm
[endpoint_off_grid]: Symbol pin or wire end off connection grid
    ; warning
    @(24.12 mm, 185.18 mm): Symbol J_ZCT1 Pin 1 [P, Passive, Line]
[endpoint_off_grid]: Symbol pin or wire end off connection grid
    ; warning
    @(24.12 mm, 185.18 mm): Horizontal Wire, length 10.00 mm
[lib_symbol_mismatch]: 심볼 'C'가 라이브러리 'Device'의 복사본과 일치하지 않음
    ; warning
    @(165.00 mm, 89.37 mm): Symbol C_VP [C]
[lib_symbol_mismatch]: 심볼 'C'가 라이브러리 'Device'의 복사본과 일치하지 않음
    ; warning
    @(71.12 mm, 173.99 mm): Symbol C_ZCT_N [C]
[endpoint_off_grid]: Symbol pin or wire end off connection grid
    ; warning
    @(34.12 mm, 185.18 mm): Horizontal Wire, length 16.29 mm
[endpoint_off_grid]: Symbol pin or wire end off connection grid
    ; warning
    @(165.00 mm, 93.18 mm): Symbol #PWR_C_VP Hidden pin 1 [GNDA, Power input, Line]
[lib_symbol_mismatch]: 심볼 'GNDA'가 라이브러리 'power'의 복사본과 일치하지 않음
    ; warning
    @(165.00 mm, 93.18 mm): Symbol #PWR_C_VP [GNDA]
[endpoint_off_grid]: Symbol pin or wire end off connection grid
    ; warning
    @(170.66 mm, 85.56 mm): Symbol R_VP4 Pin 1 [Passive, Line]
[lib_symbol_mismatch]: 심볼 'GNDA'가 라이브러리 'power'의 복사본과 일치하지 않음
    ; warning
    @(71.12 mm, 177.80 mm): Symbol #PWR_C_ZCT_N [GNDA]
[endpoint_off_grid]: Symbol pin or wire end off connection grid
    ; warning
    @(50.41 mm, 185.18 mm): Symbol R_ZCT_P Pin 1 [Passive, Line]
[endpoint_off_grid]: Symbol pin or wire end off connection grid
    ; warning
    @(190.00 mm, 38.10 mm): Horizontal Wire, length 14.52 mm
[endpoint_off_grid]: Symbol pin or wire end off connection grid
    ; warning
    @(58.03 mm, 185.18 mm): Horizontal Wire, length 28.09 mm
[endpoint_off_grid]: Symbol pin or wire end off connection grid
    ; warning
    @(164.47 mm, 106.68 mm): Horizontal Wire, length 6.19 mm
[endpoint_off_grid]: Symbol pin or wire end off connection grid
    ; warning
    @(167.64 mm, 113.03 mm): Horizontal Wire, length 5.84 mm
[endpoint_off_grid]: Symbol pin or wire end off connection grid
    ; warning
    @(161.80 mm, 113.03 mm): Symbol #PWR_AUTO_33V_006 Hidden pin 1 [+3.3V, Power input, Line]
[lib_symbol_mismatch]: 심볼 '+3.3V'가 라이브러리 'power'의 복사본과 일치하지 않음
    ; warning
    @(161.80 mm, 113.03 mm): Symbol #PWR_AUTO_33V_006 [+3.3V]
[endpoint_off_grid]: Symbol pin or wire end off connection grid
    ; warning
    @(178.28 mm, 85.56 mm): Horizontal Wire, length 1.27 mm
[endpoint_off_grid]: Symbol pin or wire end off connection grid
    ; warning
    @(71.12 mm, 185.18 mm): Symbol C_ZCT_P Pin 1 [Passive, Line]
[endpoint_off_grid]: Symbol pin or wire end off connection grid
    ; warning
    @(167.64 mm, 115.57 mm): Horizontal Wire, length 5.84 mm
[endpoint_off_grid]: Symbol pin or wire end off connection grid
    ; warning
    @(179.55 mm, 85.56 mm): Symbol R_VP3 Pin 1 [Passive, Line]
[endpoint_off_grid]: Symbol pin or wire end off connection grid
    ; warning
    @(167.64 mm, 118.11 mm): Horizontal Wire, length 5.84 mm
[endpoint_off_grid]: Symbol pin or wire end off connection grid
    ; warning
    @(170.66 mm, 106.68 mm): Symbol R_VN_REF Pin 1 [Passive, Line]
[endpoint_off_grid]: Symbol pin or wire end off connection grid
    ; warning
    @(167.64 mm, 120.65 mm): Horizontal Wire, length 5.84 mm
[lib_symbol_mismatch]: 심볼 'C'가 라이브러리 'Device'의 복사본과 일치하지 않음
    ; warning
    @(71.12 mm, 188.99 mm): Symbol C_ZCT_P [C]
[endpoint_off_grid]: Symbol pin or wire end off connection grid
    ; warning
    @(112.00 mm, 170.18 mm): Symbol C_DVDD Pin 1 [Passive, Line]
[endpoint_off_grid]: Symbol pin or wire end off connection grid
    ; warning
    @(112.00 mm, 170.18 mm): Symbol #PWR_DVDD_33 Hidden pin 1 [+3.3V, Power input, Line]
[lib_symbol_mismatch]: 심볼 '+3.3V'가 라이브러리 'power'의 복사본과 일치하지 않음
    ; warning
    @(112.00 mm, 170.18 mm): Symbol #PWR_DVDD_33 [+3.3V]
[endpoint_off_grid]: Symbol pin or wire end off connection grid
    ; warning
    @(71.12 mm, 192.80 mm): Symbol #PWR_C_ZCT_P Hidden pin 1 [GNDA, Power input, Line]
[lib_symbol_mismatch]: 심볼 'GNDA'가 라이브러리 'power'의 복사본과 일치하지 않음
    ; warning
    @(71.12 mm, 192.80 mm): Symbol #PWR_C_ZCT_P [GNDA]
[endpoint_off_grid]: Symbol pin or wire end off connection grid
    ; warning
    @(187.17 mm, 85.56 mm): Horizontal Wire, length 1.27 mm
[lib_symbol_mismatch]: 심볼 'C'가 라이브러리 'Device'의 복사본과 일치하지 않음
    ; warning
    @(112.00 mm, 173.99 mm): Symbol C_DVDD [C]
[endpoint_off_grid]: Symbol pin or wire end off connection grid
    ; warning
    @(188.44 mm, 85.56 mm): Symbol R_VP2 Pin 1 [Passive, Line]
[endpoint_off_grid]: Symbol pin or wire end off connection grid
    ; warning
    @(178.28 mm, 106.68 mm): Horizontal Wire, length 6.19 mm
[endpoint_off_grid]: Symbol pin or wire end off connection grid
    ; warning
    @(204.52 mm, 38.10 mm): Symbol R_RLY_OFF_BASE Pin 1 [Passive, Line]
[endpoint_off_grid]: Symbol pin or wire end off connection grid
    ; warning
    @(112.00 mm, 177.80 mm): Symbol #PWR_C_DVDD Hidden pin 1 [DGND, Power input, Line]
[lib_symbol_issues]: 심볼 DGND를 라이브러리 'power'에서 찾을 수 없음
    ; warning
    @(112.00 mm, 177.80 mm): Symbol #PWR_C_DVDD [DGND]
[lib_symbol_issues]: 현재 설정에 심볼 라이브러리 'SmartLoad'가 포함되어 있지 않음
    ; warning
    @(209.60 mm, 38.10 mm): Symbol R_RLY_OFF_BASE [R_Horizontal_Island]
[endpoint_off_grid]: Symbol pin or wire end off connection grid
    ; warning
    @(184.47 mm, 106.68 mm): Vertical Wire, length 7.62 mm
[endpoint_off_grid]: Symbol pin or wire end off connection grid
    ; warning
    @(196.06 mm, 85.56 mm): Horizontal Wire, length 1.27 mm
[endpoint_off_grid]: Symbol pin or wire end off connection grid
    ; warning
    @(197.33 mm, 85.56 mm): Symbol R_VP1 Pin 1 [Passive, Line]
[endpoint_off_grid]: Symbol pin or wire end off connection grid
    ; warning
    @(208.76 mm, 55.88 mm): Horizontal Wire, length 12.70 mm
[endpoint_off_grid]: Symbol pin or wire end off connection grid
    ; warning
    @(184.47 mm, 114.30 mm): Symbol #PWR_VSENSE_N Hidden pin 1 [GNDA, Power input, Line]
[lib_symbol_mismatch]: 심볼 'GNDA'가 라이브러리 'power'의 복사본과 일치하지 않음
    ; warning
    @(184.47 mm, 114.30 mm): Symbol #PWR_VSENSE_N [GNDA]
[endpoint_off_grid]: Symbol pin or wire end off connection grid
    ; warning
    @(30.00 mm, 215.00 mm): Horizontal Wire, length 15.00 mm
[endpoint_off_grid]: Symbol pin or wire end off connection grid
    ; warning
    @(214.68 mm, 38.10 mm): Horizontal Wire, length 12.70 mm
[endpoint_off_grid]: Symbol pin or wire end off connection grid
    ; warning
    @(45.00 mm, 215.00 mm): Symbol C_VREF Pin 1 [Passive, Line]
[endpoint_off_grid]: Symbol pin or wire end off connection grid
    ; warning
    @(204.95 mm, 85.56 mm): Horizontal Wire, length 7.05 mm
[lib_symbol_mismatch]: 심볼 'C'가 라이브러리 'Device'의 복사본과 일치하지 않음
    ; warning
    @(45.00 mm, 218.81 mm): Symbol C_VREF [C]
[endpoint_off_grid]: Symbol pin or wire end off connection grid
    ; warning
    @(187.96 mm, 113.03 mm): Horizontal Wire, length 5.84 mm
[endpoint_off_grid]: Symbol pin or wire end off connection grid
    ; warning
    @(112.00 mm, 195.18 mm): Symbol #PWR_AVDD_33 Hidden pin 1 [+3.3V, Power input, Line]
[endpoint_off_grid]: Symbol pin or wire end off connection grid
    ; warning
    @(112.00 mm, 195.18 mm): Symbol C_AVDD Pin 1 [Passive, Line]
[lib_symbol_mismatch]: 심볼 '+3.3V'가 라이브러리 'power'의 복사본과 일치하지 않음
    ; warning
    @(112.00 mm, 195.18 mm): Symbol #PWR_AVDD_33 [+3.3V]
[endpoint_off_grid]: Symbol pin or wire end off connection grid
    ; warning
    @(187.96 mm, 115.57 mm): Horizontal Wire, length 5.84 mm
[lib_symbol_issues]: 심볼 DGND를 라이브러리 'power'에서 찾을 수 없음
    ; warning
    @(220.98 mm, 45.72 mm): Symbol #PWR_RLY_OFF_PD_GND [DGND]
[endpoint_off_grid]: Symbol pin or wire end off connection grid
    ; warning
    @(187.96 mm, 118.11 mm): Horizontal Wire, length 5.84 mm
[endpoint_off_grid]: Symbol pin or wire end off connection grid
    ; warning
    @(45.00 mm, 222.62 mm): Symbol #PWR_C_VREF Hidden pin 1 [GNDA, Power input, Line]
[lib_symbol_mismatch]: 심볼 'GNDA'가 라이브러리 'power'의 복사본과 일치하지 않음
    ; warning
    @(45.00 mm, 222.62 mm): Symbol #PWR_C_VREF [GNDA]
[endpoint_off_grid]: Symbol pin or wire end off connection grid
    ; warning
    @(187.96 mm, 120.65 mm): Horizontal Wire, length 5.84 mm
[lib_symbol_mismatch]: 심볼 'C'가 라이브러리 'Device'의 복사본과 일치하지 않음
    ; warning
    @(112.00 mm, 198.99 mm): Symbol C_AVDD [C]
[endpoint_off_grid]: Symbol pin or wire end off connection grid
    ; warning
    @(221.46 mm, 55.88 mm): Symbol R_RLY_ON_BASE Pin 1 [Passive, Line]
[isolated_pin_label]: Label connected to only one pin
    ; warning
    @(212.00 mm, 85.56 mm): Label 'AC_L_SENSE'
[endpoint_off_grid]: Symbol pin or wire end off connection grid
    ; warning
    @(227.38 mm, 38.10 mm): Symbol Q_RLY_OFF Pin B [B, Input, Line]
[endpoint_off_grid]: Symbol pin or wire end off connection grid
    ; warning
    @(112.00 mm, 202.80 mm): Symbol #PWR_C_AVDD Hidden pin 1 [GNDA, Power input, Line]
[endpoint_off_grid]: Symbol pin or wire end off connection grid
    ; warning
    @(112.00 mm, 202.80 mm): Symbol #FLG_GNDA Hidden pin 1 [pwr, Power output, Line]
[lib_symbol_mismatch]: 심볼 'PWR_FLAG'가 라이브러리 'power'의 복사본과 일치하지 않음
    ; warning
    @(112.00 mm, 202.80 mm): Symbol #FLG_GNDA [PWR_FLAG]
[lib_symbol_mismatch]: 심볼 'GNDA'가 라이브러리 'power'의 복사본과 일치하지 않음
    ; warning
    @(112.00 mm, 202.80 mm): Symbol #PWR_C_AVDD [GNDA]
[lib_symbol_issues]: 현재 설정에 심볼 라이브러리 'SmartLoad'가 포함되어 있지 않음
    ; warning
    @(226.54 mm, 55.88 mm): Symbol R_RLY_ON_BASE [R_Horizontal_Island]
[endpoint_off_grid]: Symbol pin or wire end off connection grid
    ; warning
    @(235.00 mm, 30.48 mm): Horizontal Wire, length 12.70 mm
[footprint_link_issues]: 현재 구성에 풋프린트 라이브러리 'SmartLoad'이(가) 포함되어 있지 않습니다
    ; warning
    @(235.00 mm, 38.10 mm): Symbol Q_RLY_OFF [NPN_BCE_Island]
[lib_symbol_issues]: 현재 설정에 심볼 라이브러리 'SmartLoad'가 포함되어 있지 않음
    ; warning
    @(235.00 mm, 38.10 mm): Symbol Q_RLY_OFF [NPN_BCE_Island]
[endpoint_off_grid]: Symbol pin or wire end off connection grid
    ; warning
    @(231.62 mm, 55.88 mm): Horizontal Wire, length 12.70 mm
[endpoint_off_grid]: Symbol pin or wire end off connection grid
    ; warning
    @(235.00 mm, 45.72 mm): Vertical Wire, length 5.08 mm
[endpoint_off_grid]: Symbol pin or wire end off connection grid
    ; warning
    @(235.00 mm, 50.80 mm): Symbol #PWR_RLY_OFF_Q_GND Hidden pin 1 [DGND, Power input, Line]
[lib_symbol_issues]: 심볼 DGND를 라이브러리 'power'에서 찾을 수 없음
    ; warning
    @(235.00 mm, 50.80 mm): Symbol #PWR_RLY_OFF_Q_GND [DGND]
[endpoint_off_grid]: Symbol pin or wire end off connection grid
    ; warning
    @(165.00 mm, 175.00 mm): Horizontal Wire, length 22.46 mm
[lib_symbol_issues]: 심볼 DGND를 라이브러리 'power'에서 찾을 수 없음
    ; warning
    @(236.22 mm, 63.50 mm): Symbol #PWR_RLY_ON_PD_GND [DGND]
[endpoint_off_grid]: Symbol pin or wire end off connection grid
    ; warning
    @(40.00 mm, 242.38 mm): Symbol #PWR_RESET_33 Hidden pin 1 [+3.3V, Power input, Line]
[endpoint_off_grid]: Symbol pin or wire end off connection grid
    ; warning
    @(40.00 mm, 242.38 mm): Symbol R_RESET Pin 1 [Passive, Line]
[lib_symbol_mismatch]: 심볼 '+3.3V'가 라이브러리 'power'의 복사본과 일치하지 않음
    ; warning
    @(40.00 mm, 242.38 mm): Symbol #PWR_RESET_33 [+3.3V]
[unconnected_wire_endpoint]: 연결되지 않은 와이어 종단점
    ; warning
    @(235.00 mm, 30.48 mm): Horizontal Wire, length 12.70 mm
[endpoint_off_grid]: Symbol pin or wire end off connection grid
    ; warning
    @(244.32 mm, 55.88 mm): Symbol Q_RLY_ON Pin B [B, Input, Line]
[endpoint_off_grid]: Symbol pin or wire end off connection grid
    ; warning
    @(202.00 mm, 148.65 mm): Horizontal Wire, length 12.84 mm
[endpoint_off_grid]: Symbol pin or wire end off connection grid
    ; warning
    @(180.00 mm, 175.00 mm): Symbol C_OSCI Pin 1 [Passive, Line]
[endpoint_off_grid]: Symbol pin or wire end off connection grid
    ; warning
    @(30.00 mm, 250.00 mm): Horizontal Wire, length 20.00 mm
[endpoint_off_grid]: Symbol pin or wire end off connection grid
    ; warning
    @(202.00 mm, 151.19 mm): Horizontal Wire, length 12.84 mm
[lib_symbol_mismatch]: 심볼 'C'가 라이브러리 'Device'의 복사본과 일치하지 않음
    ; warning
    @(180.00 mm, 178.81 mm): Symbol C_OSCI [C]
[endpoint_off_grid]: Symbol pin or wire end off connection grid
    ; warning
    @(202.00 mm, 153.73 mm): Horizontal Wire, length 12.84 mm
[endpoint_off_grid]: Symbol pin or wire end off connection grid
    ; warning
    @(50.00 mm, 250.00 mm): Symbol C_RESET Pin 1 [Passive, Line]
[endpoint_off_grid]: Symbol pin or wire end off connection grid
    ; warning
    @(202.00 mm, 156.27 mm): Horizontal Wire, length 12.84 mm
[endpoint_off_grid]: Symbol pin or wire end off connection grid
    ; warning
    @(180.00 mm, 182.62 mm): Symbol #PWR_C_OSCI Hidden pin 1 [GNDA, Power input, Line]
[lib_symbol_mismatch]: 심볼 'GNDA'가 라이브러리 'power'의 복사본과 일치하지 않음
    ; warning
    @(180.00 mm, 182.62 mm): Symbol #PWR_C_OSCI [GNDA]
[endpoint_off_grid]: Symbol pin or wire end off connection grid
    ; warning
    @(187.46 mm, 175.00 mm): Symbol Y_ATM90 Pin 1 [1, Passive, Line]
[endpoint_off_grid]: Symbol pin or wire end off connection grid
    ; warning
    @(202.00 mm, 158.81 mm): Horizontal Wire, length 12.84 mm
[footprint_link_issues]: 현재 구성에 풋프린트 라이브러리 'SmartLoad'이(가) 포함되어 있지 않습니다
    ; warning
    @(251.94 mm, 55.88 mm): Symbol Q_RLY_ON [NPN_BCE_Island]
[lib_symbol_issues]: 현재 설정에 심볼 라이브러리 'SmartLoad'가 포함되어 있지 않음
    ; warning
    @(251.94 mm, 55.88 mm): Symbol Q_RLY_ON [NPN_BCE_Island]
[lib_symbol_mismatch]: 심볼 'Crystal'가 라이브러리 'Device'의 복사본과 일치하지 않음
    ; warning
    @(190.00 mm, 175.00 mm): Symbol Y_ATM90 [Crystal]
[endpoint_off_grid]: Symbol pin or wire end off connection grid
    ; warning
    @(202.00 mm, 161.35 mm): Horizontal Wire, length 12.84 mm
[lib_symbol_mismatch]: 심볼 'C'가 라이브러리 'Device'의 복사본과 일치하지 않음
    ; warning
    @(50.00 mm, 253.81 mm): Symbol C_RESET [C]
[endpoint_off_grid]: Symbol pin or wire end off connection grid
    ; warning
    @(251.94 mm, 63.50 mm): Vertical Wire, length 5.08 mm
[endpoint_off_grid]: Symbol pin or wire end off connection grid
    ; warning
    @(192.54 mm, 175.00 mm): Horizontal Wire, length 22.46 mm
[endpoint_off_grid]: Symbol pin or wire end off connection grid
    ; warning
    @(251.94 mm, 68.58 mm): Symbol #PWR_RLY_Q_GND Hidden pin 1 [DGND, Power input, Line]
[lib_symbol_issues]: 심볼 DGND를 라이브러리 'power'에서 찾을 수 없음
    ; warning
    @(251.94 mm, 68.58 mm): Symbol #PWR_RLY_Q_GND [DGND]
[endpoint_off_grid]: Symbol pin or wire end off connection grid
    ; warning
    @(214.84 mm, 148.65 mm): Symbol J_UART_CHECK Pin 1 [+3.3V, Passive, Line]
[endpoint_off_grid]: Symbol pin or wire end off connection grid
    ; warning
    @(50.00 mm, 257.62 mm): Symbol #PWR_C_RESET Hidden pin 1 [DGND, Power input, Line]
[lib_symbol_issues]: 심볼 DGND를 라이브러리 'power'에서 찾을 수 없음
    ; warning
    @(50.00 mm, 257.62 mm): Symbol #PWR_C_RESET [DGND]
[endpoint_off_grid]: Symbol pin or wire end off connection grid
    ; warning
    @(239.84 mm, 109.92 mm): Horizontal Wire, length 5.84 mm
[endpoint_off_grid]: Symbol pin or wire end off connection grid
    ; warning
    @(239.84 mm, 109.92 mm): Symbol U5 Pin 1 [RO, Output, Line]
[endpoint_off_grid]: Symbol pin or wire end off connection grid
    ; warning
    @(239.84 mm, 112.46 mm): Horizontal Wire, length 5.84 mm
[endpoint_off_grid]: Symbol pin or wire end off connection grid
    ; warning
    @(239.84 mm, 115.00 mm): Horizontal Wire, length 5.84 mm
[endpoint_off_grid]: Symbol pin or wire end off connection grid
    ; warning
    @(239.84 mm, 120.08 mm): Horizontal Wire, length 5.84 mm
[unconnected_wire_endpoint]: 연결되지 않은 와이어 종단점
    ; warning
    @(30.48 mm, 267.97 mm): Horizontal Wire, length 10.16 mm
[endpoint_off_grid]: Symbol pin or wire end off connection grid
    ; warning
    @(250.00 mm, 99.76 mm): Vertical Wire, length 5.08 mm
[isolated_pin_label]: Label connected to only one pin
    ; warning
    @(25.40 mm, 267.97 mm): Label 'DC12V_IN'
[endpoint_off_grid]: Symbol pin or wire end off connection grid
    ; warning
    @(205.00 mm, 175.00 mm): Symbol C_OSCO Pin 1 [Passive, Line]
[lib_symbol_mismatch]: 심볼 'C'가 라이브러리 'Device'의 복사본과 일치하지 않음
    ; warning
    @(205.00 mm, 178.81 mm): Symbol C_OSCO [C]
[endpoint_off_grid]: Symbol pin or wire end off connection grid
    ; warning
    @(269.72 mm, 38.10 mm): Horizontal Wire, length 15.24 mm
[endpoint_off_grid]: Symbol pin or wire end off connection grid
    ; warning
    @(269.72 mm, 38.10 mm): Horizontal Wire, length 23.34 mm
[endpoint_off_grid]: Symbol pin or wire end off connection grid
    ; warning
    @(269.72 mm, 38.10 mm): Symbol #PWR_AUTO_12V_002 Pin 1 [Power input, Line]
[lib_symbol_issues]: 현재 설정에 심볼 라이브러리 'SmartLoad'가 포함되어 있지 않음
    ; warning
    @(225.00 mm, 155.00 mm): Symbol J_UART_CHECK [UART_6PIN_CHECK_HEADER]
[footprint_link_issues]: 현재 구성에 풋프린트 라이브러리 'SmartLoad'이(가) 포함되어 있지 않습니다
    ; warning
    @(40.64 mm, 270.51 mm): Symbol U_PS1 [HLK-PM01_Island]
[lib_symbol_issues]: 현재 설정에 심볼 라이브러리 'SmartLoad'가 포함되어 있지 않음
    ; warning
    @(40.64 mm, 270.51 mm): Symbol U_PS1 [HLK-PM01_Island]
[unconnected_wire_endpoint]: 연결되지 않은 와이어 종단점
    ; warning
    @(30.48 mm, 273.05 mm): Horizontal Wire, length 10.16 mm
[isolated_pin_label]: Label connected to only one pin
    ; warning
    @(25.40 mm, 273.05 mm): Label 'DC12V_GND'
[endpoint_off_grid]: Symbol pin or wire end off connection grid
    ; warning
    @(205.00 mm, 182.62 mm): Symbol #PWR_C_OSCO Hidden pin 1 [GNDA, Power input, Line]
[lib_symbol_mismatch]: 심볼 'GNDA'가 라이브러리 'power'의 복사본과 일치하지 않음
    ; warning
    @(205.00 mm, 182.62 mm): Symbol #PWR_C_OSCO [GNDA]
[lib_symbol_issues]: 심볼 MAX3487E를 라이브러리 'Interface_UART'에서 찾을 수 없음
    ; warning
    @(250.00 mm, 115.00 mm): Symbol U5 [MAX3487E]
[footprint_link_issues]: 현재 구성에 풋프린트 라이브러리 'SmartLoad'이(가) 포함되어 있지 않습니다
    ; warning
    @(274.80 mm, 33.02 mm): Symbol D_RLY_OFF_FLY [D_Flyback_Island]
[lib_symbol_issues]: 현재 설정에 심볼 라이브러리 'SmartLoad'가 포함되어 있지 않음
    ; warning
    @(274.80 mm, 33.02 mm): Symbol D_RLY_OFF_FLY [D_Flyback_Island]
[lib_symbol_mismatch]: 심볼 'PWR_FLAG'가 라이브러리 'power'의 복사본과 일치하지 않음
    ; warning
    @(69.85 mm, 267.97 mm): Symbol #FLG_PS_12V [PWR_FLAG]
[endpoint_off_grid]: Symbol pin or wire end off connection grid
    ; warning
    @(274.80 mm, 38.10 mm): Symbol D_RLY_OFF_FLY Pin K [K, Passive, Line]
[endpoint_off_grid]: Symbol pin or wire end off connection grid
    ; warning
    @(274.80 mm, 38.10 mm): Symbol D_RLY_ON_FLY Pin K [K, Passive, Line]
[footprint_link_issues]: 현재 구성에 풋프린트 라이브러리 'SmartLoad'이(가) 포함되어 있지 않습니다
    ; warning
    @(274.80 mm, 43.18 mm): Symbol D_RLY_ON_FLY [D_Flyback_Island]
[lib_symbol_issues]: 현재 설정에 심볼 라이브러리 'SmartLoad'가 포함되어 있지 않음
    ; warning
    @(274.80 mm, 43.18 mm): Symbol D_RLY_ON_FLY [D_Flyback_Island]
[lib_symbol_mismatch]: 심볼 'C'가 라이브러리 'Device'의 복사본과 일치하지 않음
    ; warning
    @(64.77 mm, 271.78 mm): Symbol C_PWR_IN1 [C]
[endpoint_off_grid]: Symbol pin or wire end off connection grid
    ; warning
    @(260.16 mm, 107.38 mm): Horizontal Wire, length 5.84 mm
[endpoint_off_grid]: Symbol pin or wire end off connection grid
    ; warning
    @(250.00 mm, 130.24 mm): Vertical Wire, length 5.08 mm
[endpoint_off_grid]: Symbol pin or wire end off connection grid
    ; warning
    @(170.00 mm, 225.00 mm): Horizontal Wire, length 20.00 mm
[lib_symbol_mismatch]: 심볼 'C'가 라이브러리 'Device'의 복사본과 일치하지 않음
    ; warning
    @(77.47 mm, 271.78 mm): Symbol C_PWR_IN2 [C]
[lib_symbol_issues]: 심볼 DGND를 라이브러리 'power'에서 찾을 수 없음
    ; warning
    @(64.77 mm, 275.59 mm): Symbol #PWR_PS_IN_G1 [DGND]
[endpoint_off_grid]: Symbol pin or wire end off connection grid
    ; warning
    @(260.16 mm, 112.46 mm): Horizontal Wire, length 5.84 mm
[lib_symbol_issues]: 현재 설정에 심볼 라이브러리 'SmartLoad'가 포함되어 있지 않음
    ; warning
    @(95.25 mm, 267.97 mm): Symbol U_LDO1 [AMS1117-3.3_Island]
[endpoint_off_grid]: Symbol pin or wire end off connection grid
    ; warning
    @(170.00 mm, 230.08 mm): Horizontal Wire, length 20.00 mm
[lib_symbol_issues]: 심볼 DGND를 라이브러리 'power'에서 찾을 수 없음
    ; warning
    @(77.47 mm, 275.59 mm): Symbol #PWR_PS_IN_G2 [DGND]
[endpoint_off_grid]: Symbol pin or wire end off connection grid
    ; warning
    @(284.96 mm, 27.94 mm): Horizontal Wire, length 15.24 mm
[isolated_pin_label]: Label connected to only one pin
    ; warning
    @(266.00 mm, 107.38 mm): Label 'RS485_A'
[unconnected_wire_endpoint]: 연결되지 않은 와이어 종단점
    ; warning
    @(269.72 mm, 38.10 mm): Horizontal Wire, length 15.24 mm
[isolated_pin_label]: Label connected to only one pin
    ; warning
    @(266.00 mm, 112.46 mm): Label 'RS485_B'
[endpoint_off_grid]: Symbol pin or wire end off connection grid
    ; warning
    @(284.96 mm, 48.26 mm): Horizontal Wire, length 33.02 mm
[endpoint_off_grid]: Symbol pin or wire end off connection grid
    ; warning
    @(284.96 mm, 48.26 mm): Symbol K_RLY1 Pin 1 [ON_COIL-, Passive, Line]
[endpoint_off_grid]: Symbol pin or wire end off connection grid
    ; warning
    @(170.00 mm, 235.16 mm): Horizontal Wire, length 20.00 mm
[endpoint_off_grid]: Symbol pin or wire end off connection grid
    ; warning
    @(246.38 mm, 58.42 mm): Horizontal Wire, length 38.58 mm
[endpoint_off_grid]: Symbol pin or wire end off connection grid
    ; warning
    @(170.00 mm, 240.24 mm): Horizontal Wire, length 20.00 mm
[lib_symbol_mismatch]: 심볼 'C'가 라이브러리 'Device'의 복사본과 일치하지 않음
    ; warning
    @(116.84 mm, 271.78 mm): Symbol C_PWR_OUT1 [C]
[lib_symbol_issues]: 심볼 DGND를 라이브러리 'power'에서 찾을 수 없음
    ; warning
    @(95.25 mm, 280.67 mm): Symbol #PWR_PS_LDO_GND [DGND]
[lib_symbol_mismatch]: 심볼 'PWR_FLAG'가 라이브러리 'power'의 복사본과 일치하지 않음
    ; warning
    @(95.25 mm, 280.67 mm): Symbol #FLG_PS_DGND [PWR_FLAG]
[endpoint_off_grid]: Symbol pin or wire end off connection grid
    ; warning
    @(170.00 mm, 245.32 mm): Horizontal Wire, length 20.00 mm
[lib_symbol_mismatch]: 심볼 'PWR_FLAG'가 라이브러리 'power'의 복사본과 일치하지 않음
    ; warning
    @(132.08 mm, 267.97 mm): Symbol #FLG_PS_33V [PWR_FLAG]
[lib_symbol_issues]: 심볼 DGND를 라이브러리 'power'에서 찾을 수 없음
    ; warning
    @(116.84 mm, 275.59 mm): Symbol #PWR_PS_OUT_G1 [DGND]
[lib_symbol_mismatch]: 심볼 'C'가 라이브러리 'Device'의 복사본과 일치하지 않음
    ; warning
    @(129.54 mm, 271.78 mm): Symbol C_PWR_OUT2 [C]
[lib_symbol_mismatch]: 심볼 '+3.3V'가 라이브러리 'power'의 복사본과 일치하지 않음
    ; warning
    @(139.70 mm, 267.97 mm): Symbol #PWR_AUTO_33V_010 [+3.3V]
[endpoint_off_grid]: Symbol pin or wire end off connection grid
    ; warning
    @(170.00 mm, 250.40 mm): Horizontal Wire, length 20.00 mm
[footprint_link_issues]: 현재 구성에 풋프린트 라이브러리 'SmartLoad'이(가) 포함되어 있지 않습니다
    ; warning
    @(300.20 mm, 43.18 mm): Symbol K_RLY1 [LatchingRelay_SPDT_12V_3PinCoil_Is...]
[lib_symbol_issues]: 현재 설정에 심볼 라이브러리 'SmartLoad'가 포함되어 있지 않음
    ; warning
    @(300.20 mm, 43.18 mm): Symbol K_RLY1 [LatchingRelay_SPDT_12V_3PinCoil_Is...]
[lib_symbol_issues]: 심볼 DGND를 라이브러리 'power'에서 찾을 수 없음
    ; warning
    @(129.54 mm, 275.59 mm): Symbol #PWR_PS_OUT_G2 [DGND]
[endpoint_off_grid]: Symbol pin or wire end off connection grid
    ; warning
    @(170.00 mm, 255.48 mm): Horizontal Wire, length 20.00 mm
[isolated_pin_label]: Label connected to only one pin
    ; warning
    @(170.00 mm, 255.48 mm): Label 'ATM90_CF1'
[endpoint_off_grid]: Symbol pin or wire end off connection grid
    ; warning
    @(170.00 mm, 260.56 mm): Horizontal Wire, length 20.00 mm
[isolated_pin_label]: Label connected to only one pin
    ; warning
    @(170.00 mm, 260.56 mm): Label 'ATM90_CF2'
[endpoint_off_grid]: Symbol pin or wire end off connection grid
    ; warning
    @(170.00 mm, 265.64 mm): Horizontal Wire, length 20.00 mm
[endpoint_off_grid]: Symbol pin or wire end off connection grid
    ; warning
    @(315.44 mm, 38.10 mm): Horizontal Wire, length 25.40 mm
[endpoint_off_grid]: Symbol pin or wire end off connection grid
    ; warning
    @(315.44 mm, 43.18 mm): Horizontal Wire, length 15.24 mm
[isolated_pin_label]: Label connected to only one pin
    ; warning
    @(190.00 mm, 255.48 mm): Label 'ATM90_CF1'
[endpoint_off_grid]: Symbol pin or wire end off connection grid
    ; warning
    @(315.44 mm, 48.26 mm): Horizontal Wire, length 25.40 mm
[isolated_pin_label]: Label connected to only one pin
    ; warning
    @(190.00 mm, 260.56 mm): Label 'ATM90_CF2'
[isolated_pin_label]: Label connected to only one pin
    ; warning
    @(305.87 mm, 114.44 mm): Label 'MCU_BOOT0'
[endpoint_off_grid]: Symbol pin or wire end off connection grid
    ; warning
    @(305.00 mm, 116.98 mm): Symbol #PWR_AUTO_33V_002 Hidden pin 1 [+3.3V, Power input, Line]
[lib_symbol_mismatch]: 심볼 '+3.3V'가 라이브러리 'power'의 복사본과 일치하지 않음
    ; warning
    @(305.00 mm, 116.98 mm): Symbol #PWR_AUTO_33V_002 [+3.3V]
[isolated_pin_label]: Label connected to only one pin
    ; warning
    @(305.87 mm, 119.52 mm): Label 'MCU_OSC_IN'
[endpoint_off_grid]: Symbol pin or wire end off connection grid
    ; warning
    @(312.22 mm, 109.36 mm): Horizontal Wire, length 6.35 mm
[endpoint_off_grid]: Symbol pin or wire end off connection grid
    ; warning
    @(312.22 mm, 111.90 mm): Horizontal Wire, length 7.22 mm
[unconnected_wire_endpoint]: 연결되지 않은 와이어 종단점
    ; warning
    @(312.22 mm, 111.90 mm): Horizontal Wire, length 7.22 mm
[endpoint_off_grid]: Symbol pin or wire end off connection grid
    ; warning
    @(312.22 mm, 114.44 mm): Horizontal Wire, length 6.35 mm
[endpoint_off_grid]: Symbol pin or wire end off connection grid
    ; warning
    @(312.22 mm, 116.98 mm): Horizontal Wire, length 7.22 mm
[unconnected_wire_endpoint]: 연결되지 않은 와이어 종단점
    ; warning
    @(312.22 mm, 116.98 mm): Horizontal Wire, length 7.22 mm
[isolated_pin_label]: Label connected to only one pin
    ; warning
    @(330.68 mm, 43.18 mm): Label 'AC_L_NC_DNP'
[endpoint_off_grid]: Symbol pin or wire end off connection grid
    ; warning
    @(312.22 mm, 119.52 mm): Horizontal Wire, length 6.35 mm
[endpoint_off_grid]: Symbol pin or wire end off connection grid
    ; warning
    @(312.22 mm, 122.06 mm): Horizontal Wire, length 6.35 mm
[no_connect_dangling]: Unconnected "no connection" flag
    ; warning
    @(312.22 mm, 124.60 mm): No Connect
[no_connect_dangling]: Unconnected "no connection" flag
    ; warning
    @(312.22 mm, 129.68 mm): No Connect
[endpoint_off_grid]: Symbol pin or wire end off connection grid
    ; warning
    @(324.92 mm, 96.66 mm): Horizontal Wire, length 10.16 mm
[endpoint_off_grid]: Symbol pin or wire end off connection grid
    ; warning
    @(324.92 mm, 101.74 mm): Vertical Wire, length 5.08 mm
[endpoint_off_grid]: Symbol pin or wire end off connection grid
    ; warning
    @(220.00 mm, 260.00 mm): Horizontal Wire, length 45.00 mm
[endpoint_off_grid]: Symbol pin or wire end off connection grid
    ; warning
    @(327.46 mm, 101.74 mm): Vertical Wire, length 5.08 mm
[isolated_pin_label]: Label connected to only one pin
    ; warning
    @(340.84 mm, 38.10 mm): Label 'AC_L_IN'
[endpoint_off_grid]: Symbol pin or wire end off connection grid
    ; warning
    @(330.00 mm, 96.66 mm): Symbol #PWR_AUTO_33V_003 Hidden pin 1 [+3.3V, Power input, Line]
[lib_symbol_mismatch]: 심볼 '+3.3V'가 라이브러리 'power'의 복사본과 일치하지 않음
    ; warning
    @(330.00 mm, 96.66 mm): Symbol #PWR_AUTO_33V_003 [+3.3V]
[isolated_pin_label]: Label connected to only one pin
    ; warning
    @(340.84 mm, 48.26 mm): Label 'AC_L_OUT'
[endpoint_off_grid]: Symbol pin or wire end off connection grid
    ; warning
    @(330.00 mm, 101.74 mm): Vertical Wire, length 5.08 mm
[endpoint_off_grid]: Symbol pin or wire end off connection grid
    ; warning
    @(340.00 mm, 62.30 mm): Horizontal Wire, length 9.68 mm
[endpoint_off_grid]: Symbol pin or wire end off connection grid
    ; warning
    @(245.00 mm, 245.00 mm): Symbol #PWR_AUTO_33V_005 Hidden pin 1 [+3.3V, Power input, Line]
[lib_symbol_mismatch]: 심볼 '+3.3V'가 라이브러리 'power'의 복사본과 일치하지 않음
    ; warning
    @(245.00 mm, 245.00 mm): Symbol #PWR_AUTO_33V_005 [+3.3V]
[endpoint_off_grid]: Symbol pin or wire end off connection grid
    ; warning
    @(340.00 mm, 67.38 mm): Horizontal Wire, length 9.68 mm
[endpoint_off_grid]: Symbol pin or wire end off connection grid
    ; warning
    @(340.00 mm, 72.46 mm): Horizontal Wire, length 9.68 mm
[endpoint_off_grid]: Symbol pin or wire end off connection grid
    ; warning
    @(332.54 mm, 101.74 mm): Vertical Wire, length 5.08 mm
[endpoint_off_grid]: Symbol pin or wire end off connection grid
    ; warning
    @(340.00 mm, 77.54 mm): Horizontal Wire, length 9.68 mm
[endpoint_off_grid]: Symbol pin or wire end off connection grid
    ; warning
    @(245.00 mm, 248.57 mm): Vertical Wire, length 3.57 mm
[endpoint_off_grid]: Symbol pin or wire end off connection grid
    ; warning
    @(245.00 mm, 248.57 mm): Symbol R_MCU_RESET Pin 1 [Passive, Line]
[endpoint_off_grid]: Symbol pin or wire end off connection grid
    ; warning
    @(340.00 mm, 82.62 mm): Horizontal Wire, length 9.68 mm
[endpoint_off_grid]: Symbol pin or wire end off connection grid
    ; warning
    @(335.08 mm, 101.74 mm): Vertical Wire, length 5.08 mm
[endpoint_off_grid]: Symbol pin or wire end off connection grid
    ; warning
    @(340.00 mm, 87.70 mm): Horizontal Wire, length 9.68 mm
[endpoint_off_grid]: Symbol pin or wire end off connection grid
    ; warning
    @(337.62 mm, 101.74 mm): Symbol U_MCU Pin 1 [VLCD, Power input, Line]
[endpoint_off_grid]: Symbol pin or wire end off connection grid
    ; warning
    @(245.00 mm, 256.19 mm): Vertical Wire, length 3.81 mm
[endpoint_off_grid]: Symbol pin or wire end off connection grid
    ; warning
    @(349.68 mm, 82.62 mm): Symbol U_PLC Pin 20 [SPI_INTR/SERIAL_IO0, Passive, Line]
[endpoint_off_grid]: Symbol pin or wire end off connection grid
    ; warning
    @(285.00 mm, 220.00 mm): Symbol #PWR_MCU33 Hidden pin 1 [+3.3V, Power input, Line]
[endpoint_off_grid]: Symbol pin or wire end off connection grid
    ; warning
    @(285.00 mm, 220.00 mm): Horizontal Wire, length 70.96 mm
[lib_symbol_mismatch]: 심볼 '+3.3V'가 라이브러리 'power'의 복사본과 일치하지 않음
    ; warning
    @(285.00 mm, 220.00 mm): Symbol #PWR_MCU33 [+3.3V]
[endpoint_off_grid]: Symbol pin or wire end off connection grid
    ; warning
    @(360.00 mm, 15.65 mm): Horizontal Wire, length 19.84 mm
[endpoint_off_grid]: Symbol pin or wire end off connection grid
    ; warning
    @(360.00 mm, 18.19 mm): Horizontal Wire, length 19.84 mm
[endpoint_off_grid]: Symbol pin or wire end off connection grid
    ; warning
    @(360.00 mm, 20.73 mm): Horizontal Wire, length 19.84 mm
[endpoint_off_grid]: Symbol pin or wire end off connection grid
    ; warning
    @(360.00 mm, 23.27 mm): Horizontal Wire, length 19.84 mm
[endpoint_off_grid]: Symbol pin or wire end off connection grid
    ; warning
    @(360.00 mm, 25.81 mm): Horizontal Wire, length 19.84 mm
[endpoint_off_grid]: Symbol pin or wire end off connection grid
    ; warning
    @(360.00 mm, 28.35 mm): Horizontal Wire, length 19.84 mm
[lib_symbol_mismatch]: 심볼 'STM32L053R_6-8_Tx'가 라이브러리 'MCU_ST_STM32L0'의 복사본과 일치하지 않음
    ; warning
    @(330.00 mm, 150.00 mm): Symbol U_MCU [STM32L053R_6-8_Tx]
[endpoint_off_grid]: Symbol pin or wire end off connection grid
    ; warning
    @(347.78 mm, 109.36 mm): Horizontal Wire, length 8.89 mm
[endpoint_off_grid]: Symbol pin or wire end off connection grid
    ; warning
    @(347.78 mm, 111.90 mm): Horizontal Wire, length 6.35 mm
[endpoint_off_grid]: Symbol pin or wire end off connection grid
    ; warning
    @(347.78 mm, 114.44 mm): Horizontal Wire, length 7.62 mm
[endpoint_off_grid]: Symbol pin or wire end off connection grid
    ; warning
    @(347.78 mm, 116.98 mm): Horizontal Wire, length 8.89 mm
[endpoint_off_grid]: Symbol pin or wire end off connection grid
    ; warning
    @(347.78 mm, 119.52 mm): Horizontal Wire, length 7.62 mm
[endpoint_off_grid]: Symbol pin or wire end off connection grid
    ; warning
    @(295.00 mm, 220.00 mm): Symbol C_MCU1 Pin 1 [Passive, Line]
[endpoint_off_grid]: Symbol pin or wire end off connection grid
    ; warning
    @(347.78 mm, 122.06 mm): Horizontal Wire, length 7.62 mm
[endpoint_off_grid]: Symbol pin or wire end off connection grid
    ; warning
    @(347.78 mm, 124.60 mm): Horizontal Wire, length 8.89 mm
[endpoint_off_grid]: Symbol pin or wire end off connection grid
    ; warning
    @(347.78 mm, 127.14 mm): Horizontal Wire, length 10.16 mm
[lib_symbol_mismatch]: 심볼 'C'가 라이브러리 'Device'의 복사본과 일치하지 않음
    ; warning
    @(295.00 mm, 223.81 mm): Symbol C_MCU1 [C]
[endpoint_off_grid]: Symbol pin or wire end off connection grid
    ; warning
    @(347.78 mm, 129.68 mm): Horizontal Wire, length 7.62 mm
[endpoint_off_grid]: Symbol pin or wire end off connection grid
    ; warning
    @(265.00 mm, 260.00 mm): Symbol C_MCU_RESET Pin 1 [Passive, Line]
[endpoint_off_grid]: Symbol pin or wire end off connection grid
    ; warning
    @(347.78 mm, 132.22 mm): Horizontal Wire, length 8.89 mm
[endpoint_off_grid]: Symbol pin or wire end off connection grid
    ; warning
    @(295.00 mm, 227.62 mm): Symbol #PWR_MCU_G1 Hidden pin 1 [DGND, Power input, Line]
[lib_symbol_issues]: 심볼 DGND를 라이브러리 'power'에서 찾을 수 없음
    ; warning
    @(295.00 mm, 227.62 mm): Symbol #PWR_MCU_G1 [DGND]
[endpoint_off_grid]: Symbol pin or wire end off connection grid
    ; warning
    @(370.00 mm, 50.00 mm): Vertical Wire, length 2.14 mm
[ground_pin_not_ground]: 핀 DGND이(가) 그라운드 네트에 연결되지 않았습니다
    ; warning
    @(370.00 mm, 52.14 mm): Symbol U_PLC Pin GND [DGND, Power input, Line]
[lib_symbol_mismatch]: 심볼 'C'가 라이브러리 'Device'의 복사본과 일치하지 않음
    ; warning
    @(265.00 mm, 263.81 mm): Symbol C_MCU_RESET [C]
[endpoint_off_grid]: Symbol pin or wire end off connection grid
    ; warning
    @(347.78 mm, 142.38 mm): Horizontal Wire, length 6.35 mm
[endpoint_off_grid]: Symbol pin or wire end off connection grid
    ; warning
    @(265.00 mm, 267.62 mm): Symbol #PWR_MCU_RESET_GND Hidden pin 1 [DGND, Power input, Line]
[lib_symbol_issues]: 심볼 DGND를 라이브러리 'power'에서 찾을 수 없음
    ; warning
    @(265.00 mm, 267.62 mm): Symbol #PWR_MCU_RESET_GND [DGND]
[endpoint_off_grid]: Symbol pin or wire end off connection grid
    ; warning
    @(347.78 mm, 144.92 mm): Horizontal Wire, length 7.62 mm
[footprint_link_issues]: 현재 구성에 풋프린트 라이브러리 'SmartLoad'이(가) 포함되어 있지 않습니다
    ; warning
    @(370.00 mm, 75.00 mm): Symbol U_PLC [QCA7000_SPI_PLC]
[lib_symbol_issues]: 현재 설정에 심볼 라이브러리 'SmartLoad'가 포함되어 있지 않음
    ; warning
    @(370.00 mm, 75.00 mm): Symbol U_PLC [QCA7000_SPI_PLC]
[endpoint_off_grid]: Symbol pin or wire end off connection grid
    ; warning
    @(347.78 mm, 152.54 mm): Horizontal Wire, length 6.35 mm
[endpoint_off_grid]: Symbol pin or wire end off connection grid
    ; warning
    @(379.84 mm, 15.65 mm): Symbol J_PLC_SPI Pin 1 [+3.3V, Passive, Line]
[endpoint_off_grid]: Symbol pin or wire end off connection grid
    ; warning
    @(310.24 mm, 220.00 mm): Symbol C_MCU2 Pin 1 [Passive, Line]
[endpoint_off_grid]: Symbol pin or wire end off connection grid
    ; warning
    @(347.78 mm, 155.08 mm): Horizontal Wire, length 6.35 mm
[isolated_pin_label]: Label connected to only one pin
    ; warning
    @(354.13 mm, 142.38 mm): Label 'SWDIO'
[lib_symbol_mismatch]: 심볼 'C'가 라이브러리 'Device'의 복사본과 일치하지 않음
    ; warning
    @(310.24 mm, 223.81 mm): Symbol C_MCU2 [C]
[endpoint_off_grid]: Symbol pin or wire end off connection grid
    ; warning
    @(370.00 mm, 97.86 mm): Vertical Wire, length 2.14 mm
[isolated_pin_label]: Label connected to only one pin
    ; warning
    @(355.40 mm, 144.92 mm): Label 'SWCLK'
[endpoint_off_grid]: Symbol pin or wire end off connection grid
    ; warning
    @(310.24 mm, 227.62 mm): Symbol #PWR_MCU_G2 Hidden pin 1 [DGND, Power input, Line]
[lib_symbol_issues]: 심볼 DGND를 라이브러리 'power'에서 찾을 수 없음
    ; warning
    @(310.24 mm, 227.62 mm): Symbol #PWR_MCU_G2 [DGND]
[endpoint_off_grid]: Symbol pin or wire end off connection grid
    ; warning
    @(330.00 mm, 198.26 mm): Vertical Wire, length 5.08 mm
[endpoint_off_grid]: Symbol pin or wire end off connection grid
    ; warning
    @(332.54 mm, 198.26 mm): Vertical Wire, length 5.08 mm
[endpoint_off_grid]: Symbol pin or wire end off connection grid
    ; warning
    @(347.78 mm, 175.40 mm): Horizontal Wire, length 8.89 mm
[lib_symbol_issues]: 현재 설정에 심볼 라이브러리 'SmartLoad'가 포함되어 있지 않음
    ; warning
    @(390.00 mm, 22.00 mm): Symbol J_PLC_SPI [PLC_SPI_6PIN_HEADER]
[endpoint_off_grid]: Symbol pin or wire end off connection grid
    ; warning
    @(347.78 mm, 177.94 mm): Horizontal Wire, length 6.35 mm
[endpoint_off_grid]: Symbol pin or wire end off connection grid
    ; warning
    @(347.78 mm, 180.48 mm): Horizontal Wire, length 7.62 mm
[endpoint_off_grid]: Symbol pin or wire end off connection grid
    ; warning
    @(325.48 mm, 220.00 mm): Symbol C_MCU3 Pin 1 [Passive, Line]
[endpoint_off_grid]: Symbol pin or wire end off connection grid
    ; warning
    @(347.78 mm, 183.02 mm): Horizontal Wire, length 6.35 mm
[endpoint_off_grid]: Symbol pin or wire end off connection grid
    ; warning
    @(347.78 mm, 185.56 mm): Horizontal Wire, length 7.62 mm
[lib_symbol_mismatch]: 심볼 'C'가 라이브러리 'Device'의 복사본과 일치하지 않음
    ; warning
    @(325.48 mm, 223.81 mm): Symbol C_MCU3 [C]
[endpoint_off_grid]: Symbol pin or wire end off connection grid
    ; warning
    @(347.78 mm, 188.10 mm): Horizontal Wire, length 8.89 mm
[endpoint_off_grid]: Symbol pin or wire end off connection grid
    ; warning
    @(390.32 mm, 67.38 mm): Horizontal Wire, length 7.68 mm
[endpoint_off_grid]: Symbol pin or wire end off connection grid
    ; warning
    @(347.78 mm, 190.64 mm): Horizontal Wire, length 10.16 mm
[endpoint_off_grid]: Symbol pin or wire end off connection grid
    ; warning
    @(390.32 mm, 72.46 mm): Horizontal Wire, length 7.68 mm
[endpoint_off_grid]: Symbol pin or wire end off connection grid
    ; warning
    @(325.48 mm, 227.62 mm): Symbol #PWR_MCU_G3 Hidden pin 1 [DGND, Power input, Line]
[lib_symbol_issues]: 심볼 DGND를 라이브러리 'power'에서 찾을 수 없음
    ; warning
    @(325.48 mm, 227.62 mm): Symbol #PWR_MCU_G3 [DGND]
[endpoint_off_grid]: Symbol pin or wire end off connection grid
    ; warning
    @(390.32 mm, 77.54 mm): Horizontal Wire, length 7.68 mm
[endpoint_off_grid]: Symbol pin or wire end off connection grid
    ; warning
    @(390.32 mm, 82.62 mm): Horizontal Wire, length 7.68 mm
[isolated_pin_label]: Label connected to only one pin
    ; warning
    @(398.00 mm, 67.38 mm): Label 'PLC_RX_N'
[isolated_pin_label]: Label connected to only one pin
    ; warning
    @(398.00 mm, 72.46 mm): Label 'PLC_RX_P'
[isolated_pin_label]: Label connected to only one pin
    ; warning
    @(398.00 mm, 77.54 mm): Label 'PLC_TX_N'
[endpoint_off_grid]: Symbol pin or wire end off connection grid
    ; warning
    @(340.72 mm, 220.00 mm): Symbol C_MCU4 Pin 1 [Passive, Line]
[isolated_pin_label]: Label connected to only one pin
    ; warning
    @(398.00 mm, 82.62 mm): Label 'PLC_TX_P'
[lib_symbol_mismatch]: 심볼 'C'가 라이브러리 'Device'의 복사본과 일치하지 않음
    ; warning
    @(340.72 mm, 223.81 mm): Symbol C_MCU4 [C]
[endpoint_off_grid]: Symbol pin or wire end off connection grid
    ; warning
    @(340.72 mm, 227.62 mm): Symbol #PWR_MCU_G4 Hidden pin 1 [DGND, Power input, Line]
[lib_symbol_issues]: 심볼 DGND를 라이브러리 'power'에서 찾을 수 없음
    ; warning
    @(340.72 mm, 227.62 mm): Symbol #PWR_MCU_G4 [DGND]
[endpoint_off_grid]: Symbol pin or wire end off connection grid
    ; warning
    @(355.96 mm, 220.00 mm): Symbol C_MCU5 Pin 1 [Passive, Line]
[lib_symbol_mismatch]: 심볼 'C'가 라이브러리 'Device'의 복사본과 일치하지 않음
    ; warning
    @(355.96 mm, 223.81 mm): Symbol C_MCU5 [C]
[endpoint_off_grid]: Symbol pin or wire end off connection grid
    ; warning
    @(355.96 mm, 227.62 mm): Symbol #PWR_MCU_G5 Hidden pin 1 [DGND, Power input, Line]
[lib_symbol_issues]: 심볼 DGND를 라이브러리 'power'에서 찾을 수 없음
    ; warning
    @(355.96 mm, 227.62 mm): Symbol #PWR_MCU_G5 [DGND]

 ** ERC messages: 348  Errors 16  Warnings 332

 ** Ignored checks:
    - Global label only appears once in the schematic
    - Four connection points are joined together
    - SPICE model issue
    - Assigned footprint doesn't match footprint filters
